
> ladakh-travel@0.1.0 build
> next build

   ▲ Next.js 15.5.12
   - Environments: .env

   Creating an optimized production build ...
 ✓ Compiled successfully in 5.9s
   Skipping linting
   Checking validity of types ...
node.exe : Failed to compile.
At C:\Program Files\nodejs\npm.ps1:29 char:3
+   & $NODE_EXE $NPM_CLI_JS $args
+   ~~~~~~~~~~~~~~~~~~~~~~~~~~~~~
    + CategoryInfo          : NotSpecified: (F 
   ailed to compile.:String) [], RemoteExcept  
  ion
    + FullyQualifiedErrorId : NativeCommandErr 
   or
 

./app/admin/enquiries/page.tsx:188:26
Type error: Cannot find name 'Loader2'.

[0m [90m 186 |[39m                     
[33m<[39m[33mtd[39m 
colSpan[33m=[39m{[35m6[39m}[33m>[39m
 [90m 187 |[39m                       
[33m<[39m[33mdiv[39m 
className[33m=[39m[32m"flex h-[300px] 
flex-col items-center justify-center 
text-center"[39m[33m>[39m
[31m[1m>[22m[39m[90m 188 |[39m           
              [33m<[39m[33mLoader2[39m 
className[33m=[39m[32m"h-10 w-10 
animate-spin text-blue-600 mb-4 
opacity-80"[39m [33m/[39m[33m>[39m
 [90m     |[39m                          
[31m[1m^[22m[39m
 [90m 189 |[39m                         
[33m<[39m[33mp[39m 
className[33m=[39m[32m"text-sm font-medium 
text-slate-500 animate-pulse"[39m[33m>[39m[
33mLoading[39m enquiries[33m...[39m[33m<[3
9m[33m/[39m[33mp[39m[33m>[39m
 [90m 190 |[39m                       
[33m<[39m[33m/[39m[33mdiv[39m[33m>[39m
 [90m 191 |[39m                     [33m<[3
9m[33m/[39m[33mtd[39m[33m>[39m[0m
Next.js build worker exited with code: 1 and 
signal: null
